datasets/A10_B100_Cmax                           lines=  20 enum=  14 TRUNC=  3   24.57s  {'optimal': 7, 'infeasible': 4, 'time_budget_exceeded': 1, 'cap_reached': 2}
datasets/A20_B0_Cmax                             lines=  20 enum=  15 TRUNC= 11   40.35s  {'optimal': 2, 'infeasible': 2, 'cap_reached': 10, 'time_budget_exceeded': 1}
datasets/A20_B100_Cfifo                          lines=  20 enum=  14 TRUNC= 12   34.38s  {'optimal': 1, 'infeasible': 1, 'cap_reached': 10, 'time_budget_exceeded': 2}
datasets/A20_B100_Cmax                           lines=  20 enum=  14 TRUNC= 12   52.89s  {'optimal': 1, 'infeasible': 1, 'cap_reached': 9, 'time_budget_exceeded': 3}
datasets/A20_B100_Crandom                        lines=  20 enum=  14 TRUNC= 10   56.79s  {'optimal': 2, 'time_budget_exceeded': 4, 'infeasible': 2, 'cap_reached': 6}
datasets/A20_B100_Crandom0                       lines=  20 enum=  14 TRUNC= 11   59.89s  {'optimal': 2, 'infeasible': 1, 'cap_reached': 6, 'time_budget_exceeded': 5}
datasets/A20_B50_Cmax                            lines=  20 enum=  14 TRUNC=  9   20.98s  {'optimal': 4, 'infeasible': 1, 'cap_reached': 8, 'time_budget_exceeded': 1}
datasets/A20_B75_Cmax                            lines=  20 enum=  14 TRUNC= 10   57.46s  {'optimal': 4, 'time_budget_exceeded': 2, 'cap_reached': 8}
datasets/A20_Bnone_Cmax                          lines=  20 enum=  15 TRUNC= 13   79.18s  {'optimal': 2, 'time_budget_exceeded': 5, 'cap_reached': 8}
datasets/A30_B100_Cmax                           lines=  20 enum=  15 TRUNC= 14   36.06s  {'optimal': 1, 'time_budget_exceeded': 2, 'cap_reached': 12}
datasets/A40_B100_Cfifo                          lines=  20 enum=  14 TRUNC= 13   49.70s  {'optimal': 1, 'time_budget_exceeded': 4, 'cap_reached': 9}
datasets/A40_B100_Cmax                           lines=  20 enum=  14 TRUNC= 13   58.61s  {'time_budget_exceeded': 4, 'infeasible': 1, 'cap_reached': 9}
datasets/A40_B100_Crandom                        lines=  20 enum=  15 TRUNC= 14   33.04s  {'optimal': 1, 'cap_reached': 13, 'time_budget_exceeded': 1}
datasets/A40_B50_Cmax                            lines=  20 enum=  14 TRUNC= 13   29.71s  {'optimal': 1, 'cap_reached': 13}
datasets/A40_Bnone_Cmax                          lines=  20 enum=  15 TRUNC= 15   62.86s  {'cap_reached': 14, 'time_budget_exceeded': 1}
datasets/A60_B100_Cmax                           lines=  20 enum=  14 TRUNC= 13   45.04s  {'optimal': 1, 'time_budget_exceeded': 2, 'cap_reached': 11}
datasets_v2/A10_B100_Cmax                        lines=  20 enum=  13 TRUNC=  9   27.66s  {'optimal': 2, 'infeasible': 2, 'cap_reached': 8, 'time_budget_exceeded': 1}
datasets_v2/A20_B0_Cmax                          lines=  20 enum=  15 TRUNC= 10   37.32s  {'optimal': 3, 'infeasible': 2, 'time_budget_exceeded': 3, 'cap_reached': 7}
datasets_v2/A20_B100_Cfifo                       lines=  20 enum=  13 TRUNC=  6   14.95s  {'optimal': 4, 'infeasible': 3, 'cap_reached': 5, 'time_budget_exceeded': 1}
datasets_v2/A20_B100_Cmax                        lines=  20 enum=  13 TRUNC=  8   22.40s  {'optimal': 4, 'infeasible': 1, 'cap_reached': 7, 'time_budget_exceeded': 1}
datasets_v2/A20_B100_Crandom                     lines=  20 enum=  14 TRUNC= 10   47.77s  {'optimal': 3, 'time_budget_exceeded': 4, 'infeasible': 1, 'cap_reached': 6}
datasets_v2/A20_B100_Crandom0                    lines=  20 enum=  13 TRUNC= 11   56.49s  {'optimal': 1, 'infeasible': 1, 'cap_reached': 7, 'time_budget_exceeded': 4}
datasets_v2/A20_B50_Cmax                         lines=  20 enum=  14 TRUNC=  6   18.58s  {'optimal': 6, 'infeasible': 2, 'cap_reached': 6}
datasets_v2/A20_B75_Cmax                         lines=  20 enum=  13 TRUNC= 10   30.42s  {'optimal': 1, 'infeasible': 2, 'cap_reached': 8, 'time_budget_exceeded': 2}
datasets_v2/A30_B100_Cmax                        lines=  20 enum=  13 TRUNC= 11   53.41s  {'optimal': 2, 'cap_reached': 8, 'time_budget_exceeded': 3}
datasets_v2/A40_B100_Cfifo                       lines=  20 enum=  14 TRUNC= 11   40.93s  {'cap_reached': 9, 'infeasible': 1, 'optimal': 2, 'time_budget_exceeded': 2}
datasets_v2/A40_B100_Cmax                        lines=  20 enum=  13 TRUNC= 13   35.17s  {'time_budget_exceeded': 1, 'cap_reached': 12}
datasets_v2/A40_B100_Crandom                     lines=  19 enum=  13 TRUNC= 13   73.02s  {'cap_reached': 9, 'time_budget_exceeded': 4}
datasets_v2/A40_B50_Cmax                         lines=  20 enum=  13 TRUNC= 11   41.87s  {'optimal': 1, 'infeasible': 1, 'cap_reached': 8, 'time_budget_exceeded': 3}
datasets_v2/A60_B100_Cmax                        lines=  20 enum=  14 TRUNC= 12   35.47s  {'optimal': 1, 'infeasible': 1, 'time_budget_exceeded': 1, 'cap_reached': 11}
datasets_gst/A20_B100_Cmax_gst                   lines=  59 enum=  54 TRUNC=  2   30.97s  {'optimal': 49, 'infeasible': 3, 'time_budget_exceeded': 2}
datasets_gst/A20_B100_Cmax_gst_noisy             lines=  59 enum=  54 TRUNC=  3   53.22s  {'optimal': 47, 'infeasible': 4, 'time_budget_exceeded': 3}
datasets_gst_holdout/A20_B100_Cmax_gst_holdout   lines=  59 enum=  54 TRUNC=  0   13.76s  {'optimal': 50, 'infeasible': 4}
datasets_bankside/A20_B100_Cmax_bankside         lines=  20 enum=  14 TRUNC=  8   43.68s  {'optimal': 4, 'infeasible': 2, 'time_budget_exceeded': 2, 'cap_reached': 6}
datasets_bankside/A40_B100_Cmax_bankside         lines=  20 enum=  14 TRUNC= 13   52.08s  {'optimal': 1, 'time_budget_exceeded': 4, 'cap_reached': 9}

=== 353 truncating enumerations across 34/35 datasets ===
   datasets/A10_B100_Cmax
   datasets/A20_B0_Cmax
   datasets/A20_B100_Cfifo
   datasets/A20_B100_Cmax
   datasets/A20_B100_Crandom
   datasets/A20_B100_Crandom0
   datasets/A20_B50_Cmax
   datasets/A20_B75_Cmax
   datasets/A20_Bnone_Cmax
   datasets/A30_B100_Cmax
   datasets/A40_B100_Cfifo
   datasets/A40_B100_Cmax
   datasets/A40_B100_Crandom
   datasets/A40_B50_Cmax
   datasets/A40_Bnone_Cmax
   datasets/A60_B100_Cmax
   datasets_v2/A10_B100_Cmax
   datasets_v2/A20_B0_Cmax
   datasets_v2/A20_B100_Cfifo
   datasets_v2/A20_B100_Cmax
   datasets_v2/A20_B100_Crandom
   datasets_v2/A20_B100_Crandom0
   datasets_v2/A20_B50_Cmax
   datasets_v2/A20_B75_Cmax
   datasets_v2/A30_B100_Cmax
   datasets_v2/A40_B100_Cfifo
   datasets_v2/A40_B100_Cmax
   datasets_v2/A40_B100_Crandom
   datasets_v2/A40_B50_Cmax
   datasets_v2/A60_B100_Cmax
   datasets_gst/A20_B100_Cmax_gst
   datasets_gst/A20_B100_Cmax_gst_noisy
   datasets_bankside/A20_B100_Cmax_bankside
   datasets_bankside/A40_B100_Cmax_bankside
